// Jest Snapshot v1, https://goo.gl/fbAQLP

exports[`ProductForm renders form correctly 1`] = `
<DocumentFragment>
  <div
    class="centered"
  >
    <h2>
      Add new product
    </h2>
    <form>
      <label
        class="label"
        for="name"
      >
        Product name
      </label>
      <input
        id="name"
        name="name"
        type="text"
        value=""
      />
      <label
        class="label"
        for="count"
      >
        Items count
      </label>
      <input
        id="count"
        name="count"
        type="text"
        value=""
      />
      <label
        class="label"
        for="price"
      >
        Price
      </label>
      <input
        id="price"
        name="price"
        type="text"
        value=""
      />
      <label
        class="label"
        for="promotionalPrice"
      >
        Promotional Price
      </label>
      <input
        id="promotionalPrice"
        name="promotionalPrice"
        type="text"
        value=""
      />
      <input
        class="button"
        type="submit"
        value="Aceptar"
      />
    </form>
  </div>
</DocumentFragment>
`;
